// Jest Snapshot v1, https://goo.gl/fbAQLP

exports[`addBeer renders correctly 1`] = `<addBeer />`;
