// Jest Snapshot v1, https://goo.gl/fbAQLP

exports[`list renders correctly 1`] = `
<div
  className="beer-list"
>
  <ul />
</div>
`;
